warmup done

Warning: reached iteration limit without completing all items. Check for potential issues.
Warning: reached iteration limit without completing all items. Check for potential issues.
done [baseline(full)] Medium_scale_RL_6_37_13_22_formatted.csv mode=2
Warning: reached iteration limit without completing all items. Check for potential issues.
Warning: reached iteration limit without completing all items. Check for potential issues.
done [baseline(full)] Medium_scale_RL_6_37_13_22_formatted.csv mode=3
Warning: reached iteration limit without completing all items. Check for potential issues.
Warning: reached iteration limit without completing all items. Check for potential issues.
done [baseline(full)] Medium_scale_RL_6_37_13_22_formatted.csv mode=4
Warning: reached iteration limit without completing all items. Check for potential issues.
done [baseline(full)] Large_scale_RL_10_61_21_61_formatted.csv mode=2
Warning: reached iteration limit without completing all items. Check for potential issues.
done [baseline(full)] Large_scale_RL_10_61_21_61_formatted.csv mode=3
Warning: reached iteration limit without completing all items. Check for potential issues.
done [baseline(full)] Large_scale_RL_10_61_21_61_formatted.csv mode=4
Warning: reached iteration limit without completing all items. Check for potential issues.
Warning: reached iteration limit without completing all items. Check for potential issues.
Warning: reached iteration limit without completing all items. Check for potential issues.
Warning: reached iteration limit without completing all items. Check for potential issues.
Warning: reached iteration limit without completing all items. Check for potential issues.
Warning: reached iteration limit without completing all items. Check for potential issues.
done [n=1] Medium_scale_RL_6_37_13_22_formatted.csv mode=2
Warning: reached iteration limit without completing all items. Check for potential issues.
Warning: reached iteration limit without completing all items. Check for potential issues.
Warning: reached iteration limit without completing all items. Check for potential issues.
Warning: reached iteration limit without completing all items. Check for potential issues.
done [n=1] Medium_scale_RL_6_37_13_22_formatted.csv mode=3
Warning: reached iteration limit without completing all items. Check for potential issues.
Warning: reached iteration limit without completing all items. Check for potential issues.
Warning: reached iteration limit without completing all items. Check for potential issues.
done [n=1] Medium_scale_RL_6_37_13_22_formatted.csv mode=4
Warning: reached iteration limit without completing all items. Check for potential issues.
Warning: reached iteration limit without completing all items. Check for potential issues.
Warning: reached iteration limit without completing all items. Check for potential issues.
done [n=1] Large_scale_RL_10_61_21_61_formatted.csv mode=2
Warning: reached iteration limit without completing all items. Check for potential issues.
Warning: reached iteration limit without completing all items. Check for potential issues.
Warning: reached iteration limit without completing all items. Check for potential issues.
done [n=1] Large_scale_RL_10_61_21_61_formatted.csv mode=3
Warning: reached iteration limit without completing all items. Check for potential issues.
Warning: reached iteration limit without completing all items. Check for potential issues.
Warning: reached iteration limit without completing all items. Check for potential issues.
done [n=1] Large_scale_RL_10_61_21_61_formatted.csv mode=4

=== [baseline(full)] Medium_scale_RL_6_37_13_22_formatted.csv   common-converged n=98 ===
  mode=2  solved=98/100   common-mk=22.15  common-moves=312.54
  mode=3  solved=98/100   common-mk=21.95  common-moves=311.03
  mode=4  solved=98/100   common-mk=22.85  common-moves=315.88

=== [baseline(full)] Large_scale_RL_10_61_21_61_formatted.csv   common-converged n=99 ===
  mode=2  solved=99/100   common-mk=35.08  common-moves=1268.86
  mode=3  solved=99/100   common-mk=35.47  common-moves=1277.47
  mode=4  solved=99/100   common-mk=35.03  common-moves=1280.24

=== [n=1] Medium_scale_RL_6_37_13_22_formatted.csv   common-converged n=93 ===
  mode=2  solved=94/100   common-mk=32.34  common-moves=249.3
  mode=3  solved=96/100   common-mk=32.66  common-moves=249.51
  mode=4  solved=97/100   common-mk=34.4  common-moves=255.77

=== [n=1] Large_scale_RL_10_61_21_61_formatted.csv   common-converged n=95 ===
  mode=2  solved=97/100   common-mk=51.33  common-moves=721.12
  mode=3  solved=97/100   common-mk=51.98  common-moves=716.67
  mode=4  solved=97/100   common-mk=50.66  common-moves=715.33

Done.
