warmup done

>>> Medium_scale_Yalcin_vs_IP_vs_RL_6_37_1_22_formatted.csv  n=1 (item-locked)  converged=200/200  mk=46.02  moves=46.02
>>> Medium_scale_Yalcin_vs_IP_vs_RL_6_37_1_22_formatted.csv  n=2 (item-locked)  converged=200/200  mk=31.36  moves=61.12
>>> Medium_scale_Yalcin_vs_IP_vs_RL_6_37_1_22_formatted.csv  n=3 (item-locked)  converged=200/200  mk=29.92  moves=81.54
>>> Medium_scale_Yalcin_vs_IP_vs_RL_6_37_1_22_formatted.csv  n=4 (item-locked)  converged=200/200  mk=29.14  moves=100.15
>>> Large_scale_Yalcin_vs_RL_10_61_1_61_formatted.csv  n=1 (item-locked)  converged=200/200  mk=68.04  moves=68.04
>>> Large_scale_Yalcin_vs_RL_10_61_1_61_formatted.csv  n=2 (item-locked)  converged=200/200  mk=45.38  moves=89.28
>>> Large_scale_Yalcin_vs_RL_10_61_1_61_formatted.csv  n=3 (item-locked)  converged=200/200  mk=43.46  moves=120.3
>>> Large_scale_Yalcin_vs_RL_10_61_1_61_formatted.csv  n=4 (item-locked)  converged=200/200  mk=43.12  moves=149.51
Warning: reached iteration limit without completing all items. Check for potential issues.
Warning: reached iteration limit without completing all items. Check for potential issues.
Warning: reached iteration limit without completing all items. Check for potential issues.
Warning: reached iteration limit without completing all items. Check for potential issues.
Warning: reached iteration limit without completing all items. Check for potential issues.
Warning: reached iteration limit without completing all items. Check for potential issues.
Warning: reached iteration limit without completing all items. Check for potential issues.
Warning: reached iteration limit without completing all items. Check for potential issues.
Warning: reached iteration limit without completing all items. Check for potential issues.
Warning: reached iteration limit without completing all items. Check for potential issues.
Warning: reached iteration limit without completing all items. Check for potential issues.
Warning: reached iteration limit without completing all items. Check for potential issues.
Warning: reached iteration limit without completing all items. Check for potential issues.
Warning: reached iteration limit without completing all items. Check for potential issues.
Warning: reached iteration limit without completing all items. Check for potential issues.
Warning: reached iteration limit without completing all items. Check for potential issues.
Warning: reached iteration limit without completing all items. Check for potential issues.
Warning: reached iteration limit without completing all items. Check for potential issues.
Warning: reached iteration limit without completing all items. Check for potential issues.
Warning: reached iteration limit without completing all items. Check for potential issues.
Warning: reached iteration limit without completing all items. Check for potential issues.
Warning: reached iteration limit without completing all items. Check for potential issues.
Warning: reached iteration limit without completing all items. Check for potential issues.
Warning: reached iteration limit without completing all items. Check for potential issues.
Warning: reached iteration limit without completing all items. Check for potential issues.
Warning: reached iteration limit without completing all items. Check for potential issues.
Warning: reached iteration limit without completing all items. Check for potential issues.
Warning: reached iteration limit without completing all items. Check for potential issues.
Warning: reached iteration limit without completing all items. Check for potential issues.
Warning: reached iteration limit without completing all items. Check for potential issues.
Warning: reached iteration limit without completing all items. Check for potential issues.
Warning: reached iteration limit without completing all items. Check for potential issues.
Warning: reached iteration limit without completing all items. Check for potential issues.
Warning: reached iteration limit without completing all items. Check for potential issues.
Warning: reached iteration limit without completing all items. Check for potential issues.
Warning: reached iteration limit without completing all items. Check for potential issues.
Warning: reached iteration limit without completing all items. Check for potential issues.
Warning: reached iteration limit without completing all items. Check for potential issues.
Warning: reached iteration limit without completing all items. Check for potential issues.
Warning: reached iteration limit without completing all items. Check for potential issues.
Warning: reached iteration limit without completing all items. Check for potential issues.
Warning: reached iteration limit without completing all items. Check for potential issues.
Warning: reached iteration limit without completing all items. Check for potential issues.
Warning: reached iteration limit without completing all items. Check for potential issues.
Warning: reached iteration limit without completing all items. Check for potential issues.
Warning: reached iteration limit without completing all items. Check for potential issues.
Warning: reached iteration limit without completing all items. Check for potential issues.
Warning: reached iteration limit without completing all items. Check for potential issues.
Warning: reached iteration limit without completing all items. Check for potential issues.
Warning: reached iteration limit without completing all items. Check for potential issues.
Warning: reached iteration limit without completing all items. Check for potential issues.
Warning: reached iteration limit without completing all items. Check for potential issues.
Warning: reached iteration limit without completing all items. Check for potential issues.
Warning: reached iteration limit without completing all items. Check for potential issues.
Warning: reached iteration limit without completing all items. Check for potential issues.
Warning: reached iteration limit without completing all items. Check for potential issues.
Warning: reached iteration limit without completing all items. Check for potential issues.
Warning: reached iteration limit without completing all items. Check for potential issues.
Warning: reached iteration limit without completing all items. Check for potential issues.
Warning: reached iteration limit without completing all items. Check for potential issues.
Warning: reached iteration limit without completing all items. Check for potential issues.
Warning: reached iteration limit without completing all items. Check for potential issues.
Warning: reached iteration limit without completing all items. Check for potential issues.
Warning: reached iteration limit without completing all items. Check for potential issues.
Warning: reached iteration limit without completing all items. Check for potential issues.
Warning: reached iteration limit without completing all items. Check for potential issues.
Warning: reached iteration limit without completing all items. Check for potential issues.
Warning: reached iteration limit without completing all items. Check for potential issues.
Warning: reached iteration limit without completing all items. Check for potential issues.
Warning: reached iteration limit without completing all items. Check for potential issues.
Warning: reached iteration limit without completing all items. Check for potential issues.
Warning: reached iteration limit without completing all items. Check for potential issues.
Warning: reached iteration limit without completing all items. Check for potential issues.
Warning: reached iteration limit without completing all items. Check for potential issues.
Warning: reached iteration limit without completing all items. Check for potential issues.
Warning: reached iteration limit without completing all items. Check for potential issues.
Warning: reached iteration limit without completing all items. Check for potential issues.
Warning: reached iteration limit without completing all items. Check for potential issues.
Warning: reached iteration limit without completing all items. Check for potential issues.
Warning: reached iteration limit without completing all items. Check for potential issues.
Warning: reached iteration limit without completing all items. Check for potential issues.
Warning: reached iteration limit without completing all items. Check for potential issues.
Warning: reached iteration limit without completing all items. Check for potential issues.
Warning: reached iteration limit without completing all items. Check for potential issues.
Warning: reached iteration limit without completing all items. Check for potential issues.
Warning: reached iteration limit without completing all items. Check for potential issues.
Warning: reached iteration limit without completing all items. Check for potential issues.
Warning: reached iteration limit without completing all items. Check for potential issues.
Warning: reached iteration limit without completing all items. Check for potential issues.
Warning: reached iteration limit without completing all items. Check for potential issues.
Warning: reached iteration limit without completing all items. Check for potential issues.
Warning: reached iteration limit without completing all items. Check for potential issues.
Warning: reached iteration limit without completing all items. Check for potential issues.
Warning: reached iteration limit without completing all items. Check for potential issues.
Warning: reached iteration limit without completing all items. Check for potential issues.
Warning: reached iteration limit without completing all items. Check for potential issues.
Warning: reached iteration limit without completing all items. Check for potential issues.
Warning: reached iteration limit without completing all items. Check for potential issues.
Warning: reached iteration limit without completing all items. Check for potential issues.
Warning: reached iteration limit without completing all items. Check for potential issues.
>>> Medium_scale_RL_6_37_13_22_formatted.csv  n=1 (item-locked)  converged=0/100  mk=NA  moves=NA
Warning: reached iteration limit without completing all items. Check for potential issues.
Warning: reached iteration limit without completing all items. Check for potential issues.
Warning: reached iteration limit without completing all items. Check for potential issues.
Warning: reached iteration limit without completing all items. Check for potential issues.
Warning: reached iteration limit without completing all items. Check for potential issues.
Warning: reached iteration limit without completing all items. Check for potential issues.
Warning: reached iteration limit without completing all items. Check for potential issues.
Warning: reached iteration limit without completing all items. Check for potential issues.
Warning: reached iteration limit without completing all items. Check for potential issues.
Warning: reached iteration limit without completing all items. Check for potential issues.
Warning: reached iteration limit without completing all items. Check for potential issues.
Warning: reached iteration limit without completing all items. Check for potential issues.
Warning: reached iteration limit without completing all items. Check for potential issues.
Warning: reached iteration limit without completing all items. Check for potential issues.
Warning: reached iteration limit without completing all items. Check for potential issues.
Warning: reached iteration limit without completing all items. Check for potential issues.
Warning: reached iteration limit without completing all items. Check for potential issues.
Warning: reached iteration limit without completing all items. Check for potential issues.
Warning: reached iteration limit without completing all items. Check for potential issues.
Warning: reached iteration limit without completing all items. Check for potential issues.
Warning: reached iteration limit without completing all items. Check for potential issues.
Warning: reached iteration limit without completing all items. Check for potential issues.
Warning: reached iteration limit without completing all items. Check for potential issues.
Warning: reached iteration limit without completing all items. Check for potential issues.
Warning: reached iteration limit without completing all items. Check for potential issues.
Warning: reached iteration limit without completing all items. Check for potential issues.
Warning: reached iteration limit without completing all items. Check for potential issues.
Warning: reached iteration limit without completing all items. Check for potential issues.
Warning: reached iteration limit without completing all items. Check for potential issues.
Warning: reached iteration limit without completing all items. Check for potential issues.
Warning: reached iteration limit without completing all items. Check for potential issues.
Warning: reached iteration limit without completing all items. Check for potential issues.
Warning: reached iteration limit without completing all items. Check for potential issues.
Warning: reached iteration limit without completing all items. Check for potential issues.
Warning: reached iteration limit without completing all items. Check for potential issues.
Warning: reached iteration limit without completing all items. Check for potential issues.
Warning: reached iteration limit without completing all items. Check for potential issues.
Warning: reached iteration limit without completing all items. Check for potential issues.
Warning: reached iteration limit without completing all items. Check for potential issues.
Warning: reached iteration limit without completing all items. Check for potential issues.
Warning: reached iteration limit without completing all items. Check for potential issues.
Warning: reached iteration limit without completing all items. Check for potential issues.
Warning: reached iteration limit without completing all items. Check for potential issues.
Warning: reached iteration limit without completing all items. Check for potential issues.
Warning: reached iteration limit without completing all items. Check for potential issues.
Warning: reached iteration limit without completing all items. Check for potential issues.
Warning: reached iteration limit without completing all items. Check for potential issues.
Warning: reached iteration limit without completing all items. Check for potential issues.
Warning: reached iteration limit without completing all items. Check for potential issues.
Warning: reached iteration limit without completing all items. Check for potential issues.
Warning: reached iteration limit without completing all items. Check for potential issues.
Warning: reached iteration limit without completing all items. Check for potential issues.
Warning: reached iteration limit without completing all items. Check for potential issues.
Warning: reached iteration limit without completing all items. Check for potential issues.
Warning: reached iteration limit without completing all items. Check for potential issues.
Warning: reached iteration limit without completing all items. Check for potential issues.
Warning: reached iteration limit without completing all items. Check for potential issues.
Warning: reached iteration limit without completing all items. Check for potential issues.
Warning: reached iteration limit without completing all items. Check for potential issues.
Warning: reached iteration limit without completing all items. Check for potential issues.
Warning: reached iteration limit without completing all items. Check for potential issues.
Warning: reached iteration limit without completing all items. Check for potential issues.
Warning: reached iteration limit without completing all items. Check for potential issues.
Warning: reached iteration limit without completing all items. Check for potential issues.
Warning: reached iteration limit without completing all items. Check for potential issues.
Warning: reached iteration limit without completing all items. Check for potential issues.
Warning: reached iteration limit without completing all items. Check for potential issues.
Warning: reached iteration limit without completing all items. Check for potential issues.
Warning: reached iteration limit without completing all items. Check for potential issues.
Warning: reached iteration limit without completing all items. Check for potential issues.
Warning: reached iteration limit without completing all items. Check for potential issues.
Warning: reached iteration limit without completing all items. Check for potential issues.
Warning: reached iteration limit without completing all items. Check for potential issues.
Warning: reached iteration limit without completing all items. Check for potential issues.
Warning: reached iteration limit without completing all items. Check for potential issues.
Warning: reached iteration limit without completing all items. Check for potential issues.
Warning: reached iteration limit without completing all items. Check for potential issues.
Warning: reached iteration limit without completing all items. Check for potential issues.
Warning: reached iteration limit without completing all items. Check for potential issues.
Warning: reached iteration limit without completing all items. Check for potential issues.
Warning: reached iteration limit without completing all items. Check for potential issues.
Warning: reached iteration limit without completing all items. Check for potential issues.
Warning: reached iteration limit without completing all items. Check for potential issues.
Warning: reached iteration limit without completing all items. Check for potential issues.
Warning: reached iteration limit without completing all items. Check for potential issues.
Warning: reached iteration limit without completing all items. Check for potential issues.
Warning: reached iteration limit without completing all items. Check for potential issues.
Warning: reached iteration limit without completing all items. Check for potential issues.
Warning: reached iteration limit without completing all items. Check for potential issues.
Warning: reached iteration limit without completing all items. Check for potential issues.
Warning: reached iteration limit without completing all items. Check for potential issues.
Warning: reached iteration limit without completing all items. Check for potential issues.
Warning: reached iteration limit without completing all items. Check for potential issues.
Warning: reached iteration limit without completing all items. Check for potential issues.
Warning: reached iteration limit without completing all items. Check for potential issues.
Warning: reached iteration limit without completing all items. Check for potential issues.
Warning: reached iteration limit without completing all items. Check for potential issues.
Warning: reached iteration limit without completing all items. Check for potential issues.
Warning: reached iteration limit without completing all items. Check for potential issues.
Warning: reached iteration limit without completing all items. Check for potential issues.
>>> Medium_scale_RL_6_37_13_22_formatted.csv  n=2 (item-locked)  converged=0/100  mk=NA  moves=NA
Warning: reached iteration limit without completing all items. Check for potential issues.
Warning: reached iteration limit without completing all items. Check for potential issues.
Warning: reached iteration limit without completing all items. Check for potential issues.
Warning: reached iteration limit without completing all items. Check for potential issues.
Warning: reached iteration limit without completing all items. Check for potential issues.
Warning: reached iteration limit without completing all items. Check for potential issues.
Warning: reached iteration limit without completing all items. Check for potential issues.
Warning: reached iteration limit without completing all items. Check for potential issues.
Warning: reached iteration limit without completing all items. Check for potential issues.
Warning: reached iteration limit without completing all items. Check for potential issues.
Warning: reached iteration limit without completing all items. Check for potential issues.
Warning: reached iteration limit without completing all items. Check for potential issues.
Warning: reached iteration limit without completing all items. Check for potential issues.
Warning: reached iteration limit without completing all items. Check for potential issues.
Warning: reached iteration limit without completing all items. Check for potential issues.
Warning: reached iteration limit without completing all items. Check for potential issues.
Warning: reached iteration limit without completing all items. Check for potential issues.
Warning: reached iteration limit without completing all items. Check for potential issues.
Warning: reached iteration limit without completing all items. Check for potential issues.
Warning: reached iteration limit without completing all items. Check for potential issues.
Warning: reached iteration limit without completing all items. Check for potential issues.
Warning: reached iteration limit without completing all items. Check for potential issues.
Warning: reached iteration limit without completing all items. Check for potential issues.
Warning: reached iteration limit without completing all items. Check for potential issues.
Warning: reached iteration limit without completing all items. Check for potential issues.
Warning: reached iteration limit without completing all items. Check for potential issues.
Warning: reached iteration limit without completing all items. Check for potential issues.
Warning: reached iteration limit without completing all items. Check for potential issues.
Warning: reached iteration limit without completing all items. Check for potential issues.
Warning: reached iteration limit without completing all items. Check for potential issues.
Warning: reached iteration limit without completing all items. Check for potential issues.
Warning: reached iteration limit without completing all items. Check for potential issues.
Warning: reached iteration limit without completing all items. Check for potential issues.
Warning: reached iteration limit without completing all items. Check for potential issues.
Warning: reached iteration limit without completing all items. Check for potential issues.
Warning: reached iteration limit without completing all items. Check for potential issues.
Warning: reached iteration limit without completing all items. Check for potential issues.
Warning: reached iteration limit without completing all items. Check for potential issues.
Warning: reached iteration limit without completing all items. Check for potential issues.
Warning: reached iteration limit without completing all items. Check for potential issues.
Warning: reached iteration limit without completing all items. Check for potential issues.
Warning: reached iteration limit without completing all items. Check for potential issues.
Warning: reached iteration limit without completing all items. Check for potential issues.
Warning: reached iteration limit without completing all items. Check for potential issues.
Warning: reached iteration limit without completing all items. Check for potential issues.
Warning: reached iteration limit without completing all items. Check for potential issues.
Warning: reached iteration limit without completing all items. Check for potential issues.
Warning: reached iteration limit without completing all items. Check for potential issues.
Warning: reached iteration limit without completing all items. Check for potential issues.
Warning: reached iteration limit without completing all items. Check for potential issues.
Warning: reached iteration limit without completing all items. Check for potential issues.
Warning: reached iteration limit without completing all items. Check for potential issues.
Warning: reached iteration limit without completing all items. Check for potential issues.
Warning: reached iteration limit without completing all items. Check for potential issues.
Warning: reached iteration limit without completing all items. Check for potential issues.
Warning: reached iteration limit without completing all items. Check for potential issues.
Warning: reached iteration limit without completing all items. Check for potential issues.
Warning: reached iteration limit without completing all items. Check for potential issues.
Warning: reached iteration limit without completing all items. Check for potential issues.
Warning: reached iteration limit without completing all items. Check for potential issues.
Warning: reached iteration limit without completing all items. Check for potential issues.
Warning: reached iteration limit without completing all items. Check for potential issues.
Warning: reached iteration limit without completing all items. Check for potential issues.
Warning: reached iteration limit without completing all items. Check for potential issues.
Warning: reached iteration limit without completing all items. Check for potential issues.
Warning: reached iteration limit without completing all items. Check for potential issues.
Warning: reached iteration limit without completing all items. Check for potential issues.
Warning: reached iteration limit without completing all items. Check for potential issues.
Warning: reached iteration limit without completing all items. Check for potential issues.
Warning: reached iteration limit without completing all items. Check for potential issues.
Warning: reached iteration limit without completing all items. Check for potential issues.
Warning: reached iteration limit without completing all items. Check for potential issues.
Warning: reached iteration limit without completing all items. Check for potential issues.
Warning: reached iteration limit without completing all items. Check for potential issues.
Warning: reached iteration limit without completing all items. Check for potential issues.
Warning: reached iteration limit without completing all items. Check for potential issues.
Warning: reached iteration limit without completing all items. Check for potential issues.
Warning: reached iteration limit without completing all items. Check for potential issues.
Warning: reached iteration limit without completing all items. Check for potential issues.
Warning: reached iteration limit without completing all items. Check for potential issues.
Warning: reached iteration limit without completing all items. Check for potential issues.
Warning: reached iteration limit without completing all items. Check for potential issues.
Warning: reached iteration limit without completing all items. Check for potential issues.
Warning: reached iteration limit without completing all items. Check for potential issues.
Warning: reached iteration limit without completing all items. Check for potential issues.
Warning: reached iteration limit without completing all items. Check for potential issues.
Warning: reached iteration limit without completing all items. Check for potential issues.
Warning: reached iteration limit without completing all items. Check for potential issues.
Warning: reached iteration limit without completing all items. Check for potential issues.
Warning: reached iteration limit without completing all items. Check for potential issues.
Warning: reached iteration limit without completing all items. Check for potential issues.
Warning: reached iteration limit without completing all items. Check for potential issues.
Warning: reached iteration limit without completing all items. Check for potential issues.
Warning: reached iteration limit without completing all items. Check for potential issues.
Warning: reached iteration limit without completing all items. Check for potential issues.
Warning: reached iteration limit without completing all items. Check for potential issues.
Warning: reached iteration limit without completing all items. Check for potential issues.
Warning: reached iteration limit without completing all items. Check for potential issues.
Warning: reached iteration limit without completing all items. Check for potential issues.
Warning: reached iteration limit without completing all items. Check for potential issues.
>>> Medium_scale_RL_6_37_13_22_formatted.csv  n=3 (item-locked)  converged=0/100  mk=NA  moves=NA
Warning: reached iteration limit without completing all items. Check for potential issues.
Warning: reached iteration limit without completing all items. Check for potential issues.
Warning: reached iteration limit without completing all items. Check for potential issues.
Warning: reached iteration limit without completing all items. Check for potential issues.
Warning: reached iteration limit without completing all items. Check for potential issues.
Warning: reached iteration limit without completing all items. Check for potential issues.
Warning: reached iteration limit without completing all items. Check for potential issues.
Warning: reached iteration limit without completing all items. Check for potential issues.
Warning: reached iteration limit without completing all items. Check for potential issues.
Warning: reached iteration limit without completing all items. Check for potential issues.
Warning: reached iteration limit without completing all items. Check for potential issues.
Warning: reached iteration limit without completing all items. Check for potential issues.
Warning: reached iteration limit without completing all items. Check for potential issues.
Warning: reached iteration limit without completing all items. Check for potential issues.
Warning: reached iteration limit without completing all items. Check for potential issues.
Warning: reached iteration limit without completing all items. Check for potential issues.
Warning: reached iteration limit without completing all items. Check for potential issues.
Warning: reached iteration limit without completing all items. Check for potential issues.
Warning: reached iteration limit without completing all items. Check for potential issues.
Warning: reached iteration limit without completing all items. Check for potential issues.
Warning: reached iteration limit without completing all items. Check for potential issues.
Warning: reached iteration limit without completing all items. Check for potential issues.
Warning: reached iteration limit without completing all items. Check for potential issues.
Warning: reached iteration limit without completing all items. Check for potential issues.
Warning: reached iteration limit without completing all items. Check for potential issues.
Warning: reached iteration limit without completing all items. Check for potential issues.
Warning: reached iteration limit without completing all items. Check for potential issues.
Warning: reached iteration limit without completing all items. Check for potential issues.
Warning: reached iteration limit without completing all items. Check for potential issues.
Warning: reached iteration limit without completing all items. Check for potential issues.
Warning: reached iteration limit without completing all items. Check for potential issues.
Warning: reached iteration limit without completing all items. Check for potential issues.
Warning: reached iteration limit without completing all items. Check for potential issues.
Warning: reached iteration limit without completing all items. Check for potential issues.
Warning: reached iteration limit without completing all items. Check for potential issues.
Warning: reached iteration limit without completing all items. Check for potential issues.
Warning: reached iteration limit without completing all items. Check for potential issues.
Warning: reached iteration limit without completing all items. Check for potential issues.
Warning: reached iteration limit without completing all items. Check for potential issues.
Warning: reached iteration limit without completing all items. Check for potential issues.
Warning: reached iteration limit without completing all items. Check for potential issues.
Warning: reached iteration limit without completing all items. Check for potential issues.
Warning: reached iteration limit without completing all items. Check for potential issues.
Warning: reached iteration limit without completing all items. Check for potential issues.
Warning: reached iteration limit without completing all items. Check for potential issues.
Warning: reached iteration limit without completing all items. Check for potential issues.
Warning: reached iteration limit without completing all items. Check for potential issues.
Warning: reached iteration limit without completing all items. Check for potential issues.
Warning: reached iteration limit without completing all items. Check for potential issues.
Warning: reached iteration limit without completing all items. Check for potential issues.
Warning: reached iteration limit without completing all items. Check for potential issues.
Warning: reached iteration limit without completing all items. Check for potential issues.
Warning: reached iteration limit without completing all items. Check for potential issues.
Warning: reached iteration limit without completing all items. Check for potential issues.
Warning: reached iteration limit without completing all items. Check for potential issues.
Warning: reached iteration limit without completing all items. Check for potential issues.
Warning: reached iteration limit without completing all items. Check for potential issues.
Warning: reached iteration limit without completing all items. Check for potential issues.
Warning: reached iteration limit without completing all items. Check for potential issues.
Warning: reached iteration limit without completing all items. Check for potential issues.
Warning: reached iteration limit without completing all items. Check for potential issues.
Warning: reached iteration limit without completing all items. Check for potential issues.
Warning: reached iteration limit without completing all items. Check for potential issues.
Warning: reached iteration limit without completing all items. Check for potential issues.
Warning: reached iteration limit without completing all items. Check for potential issues.
Warning: reached iteration limit without completing all items. Check for potential issues.
Warning: reached iteration limit without completing all items. Check for potential issues.
Warning: reached iteration limit without completing all items. Check for potential issues.
Warning: reached iteration limit without completing all items. Check for potential issues.
Warning: reached iteration limit without completing all items. Check for potential issues.
Warning: reached iteration limit without completing all items. Check for potential issues.
Warning: reached iteration limit without completing all items. Check for potential issues.
Warning: reached iteration limit without completing all items. Check for potential issues.
Warning: reached iteration limit without completing all items. Check for potential issues.
Warning: reached iteration limit without completing all items. Check for potential issues.
Warning: reached iteration limit without completing all items. Check for potential issues.
Warning: reached iteration limit without completing all items. Check for potential issues.
Warning: reached iteration limit without completing all items. Check for potential issues.
Warning: reached iteration limit without completing all items. Check for potential issues.
Warning: reached iteration limit without completing all items. Check for potential issues.
Warning: reached iteration limit without completing all items. Check for potential issues.
Warning: reached iteration limit without completing all items. Check for potential issues.
Warning: reached iteration limit without completing all items. Check for potential issues.
Warning: reached iteration limit without completing all items. Check for potential issues.
Warning: reached iteration limit without completing all items. Check for potential issues.
Warning: reached iteration limit without completing all items. Check for potential issues.
Warning: reached iteration limit without completing all items. Check for potential issues.
Warning: reached iteration limit without completing all items. Check for potential issues.
Warning: reached iteration limit without completing all items. Check for potential issues.
Warning: reached iteration limit without completing all items. Check for potential issues.
Warning: reached iteration limit without completing all items. Check for potential issues.
Warning: reached iteration limit without completing all items. Check for potential issues.
Warning: reached iteration limit without completing all items. Check for potential issues.
Warning: reached iteration limit without completing all items. Check for potential issues.
Warning: reached iteration limit without completing all items. Check for potential issues.
Warning: reached iteration limit without completing all items. Check for potential issues.
Warning: reached iteration limit without completing all items. Check for potential issues.
Warning: reached iteration limit without completing all items. Check for potential issues.
Warning: reached iteration limit without completing all items. Check for potential issues.
Warning: reached iteration limit without completing all items. Check for potential issues.
>>> Medium_scale_RL_6_37_13_22_formatted.csv  n=4 (item-locked)  converged=0/100  mk=NA  moves=NA
Warning: reached iteration limit without completing all items. Check for potential issues.
Warning: reached iteration limit without completing all items. Check for potential issues.
Warning: reached iteration limit without completing all items. Check for potential issues.
Warning: reached iteration limit without completing all items. Check for potential issues.
Warning: reached iteration limit without completing all items. Check for potential issues.
Warning: reached iteration limit without completing all items. Check for potential issues.
Warning: reached iteration limit without completing all items. Check for potential issues.
Warning: reached iteration limit without completing all items. Check for potential issues.
Warning: reached iteration limit without completing all items. Check for potential issues.
Warning: reached iteration limit without completing all items. Check for potential issues.
Warning: reached iteration limit without completing all items. Check for potential issues.
Warning: reached iteration limit without completing all items. Check for potential issues.
Warning: reached iteration limit without completing all items. Check for potential issues.
Warning: reached iteration limit without completing all items. Check for potential issues.
Warning: reached iteration limit without completing all items. Check for potential issues.
Warning: reached iteration limit without completing all items. Check for potential issues.
Warning: reached iteration limit without completing all items. Check for potential issues.
Warning: reached iteration limit without completing all items. Check for potential issues.
Warning: reached iteration limit without completing all items. Check for potential issues.
Warning: reached iteration limit without completing all items. Check for potential issues.
Warning: reached iteration limit without completing all items. Check for potential issues.
Warning: reached iteration limit without completing all items. Check for potential issues.
Warning: reached iteration limit without completing all items. Check for potential issues.
Warning: reached iteration limit without completing all items. Check for potential issues.
Warning: reached iteration limit without completing all items. Check for potential issues.
Warning: reached iteration limit without completing all items. Check for potential issues.
Warning: reached iteration limit without completing all items. Check for potential issues.
Warning: reached iteration limit without completing all items. Check for potential issues.
Warning: reached iteration limit without completing all items. Check for potential issues.
Warning: reached iteration limit without completing all items. Check for potential issues.
Warning: reached iteration limit without completing all items. Check for potential issues.
Warning: reached iteration limit without completing all items. Check for potential issues.
Warning: reached iteration limit without completing all items. Check for potential issues.
Warning: reached iteration limit without completing all items. Check for potential issues.
Warning: reached iteration limit without completing all items. Check for potential issues.
Warning: reached iteration limit without completing all items. Check for potential issues.
Warning: reached iteration limit without completing all items. Check for potential issues.
Warning: reached iteration limit without completing all items. Check for potential issues.
Warning: reached iteration limit without completing all items. Check for potential issues.
Warning: reached iteration limit without completing all items. Check for potential issues.
Warning: reached iteration limit without completing all items. Check for potential issues.
Warning: reached iteration limit without completing all items. Check for potential issues.
Warning: reached iteration limit without completing all items. Check for potential issues.
Warning: reached iteration limit without completing all items. Check for potential issues.
Warning: reached iteration limit without completing all items. Check for potential issues.
Warning: reached iteration limit without completing all items. Check for potential issues.
Warning: reached iteration limit without completing all items. Check for potential issues.
Warning: reached iteration limit without completing all items. Check for potential issues.
Warning: reached iteration limit without completing all items. Check for potential issues.
Warning: reached iteration limit without completing all items. Check for potential issues.
Warning: reached iteration limit without completing all items. Check for potential issues.
Warning: reached iteration limit without completing all items. Check for potential issues.
Warning: reached iteration limit without completing all items. Check for potential issues.
Warning: reached iteration limit without completing all items. Check for potential issues.
Warning: reached iteration limit without completing all items. Check for potential issues.
Warning: reached iteration limit without completing all items. Check for potential issues.
Warning: reached iteration limit without completing all items. Check for potential issues.
Warning: reached iteration limit without completing all items. Check for potential issues.
Warning: reached iteration limit without completing all items. Check for potential issues.
Warning: reached iteration limit without completing all items. Check for potential issues.
Warning: reached iteration limit without completing all items. Check for potential issues.
Warning: reached iteration limit without completing all items. Check for potential issues.
Warning: reached iteration limit without completing all items. Check for potential issues.
Warning: reached iteration limit without completing all items. Check for potential issues.
Warning: reached iteration limit without completing all items. Check for potential issues.
Warning: reached iteration limit without completing all items. Check for potential issues.
Warning: reached iteration limit without completing all items. Check for potential issues.
Warning: reached iteration limit without completing all items. Check for potential issues.
Warning: reached iteration limit without completing all items. Check for potential issues.
Warning: reached iteration limit without completing all items. Check for potential issues.
Warning: reached iteration limit without completing all items. Check for potential issues.
Warning: reached iteration limit without completing all items. Check for potential issues.
Warning: reached iteration limit without completing all items. Check for potential issues.
Warning: reached iteration limit without completing all items. Check for potential issues.
Warning: reached iteration limit without completing all items. Check for potential issues.
Warning: reached iteration limit without completing all items. Check for potential issues.
Warning: reached iteration limit without completing all items. Check for potential issues.
Warning: reached iteration limit without completing all items. Check for potential issues.
Warning: reached iteration limit without completing all items. Check for potential issues.
Warning: reached iteration limit without completing all items. Check for potential issues.
Warning: reached iteration limit without completing all items. Check for potential issues.
Warning: reached iteration limit without completing all items. Check for potential issues.
Warning: reached iteration limit without completing all items. Check for potential issues.
Warning: reached iteration limit without completing all items. Check for potential issues.
Warning: reached iteration limit without completing all items. Check for potential issues.
Warning: reached iteration limit without completing all items. Check for potential issues.
Warning: reached iteration limit without completing all items. Check for potential issues.
Warning: reached iteration limit without completing all items. Check for potential issues.
Warning: reached iteration limit without completing all items. Check for potential issues.
Warning: reached iteration limit without completing all items. Check for potential issues.
Warning: reached iteration limit without completing all items. Check for potential issues.
Warning: reached iteration limit without completing all items. Check for potential issues.
Warning: reached iteration limit without completing all items. Check for potential issues.
Warning: reached iteration limit without completing all items. Check for potential issues.
Warning: reached iteration limit without completing all items. Check for potential issues.
Warning: reached iteration limit without completing all items. Check for potential issues.
Warning: reached iteration limit without completing all items. Check for potential issues.
Warning: reached iteration limit without completing all items. Check for potential issues.
Warning: reached iteration limit without completing all items. Check for potential issues.
Warning: reached iteration limit without completing all items. Check for potential issues.
>>> Large_scale_RL_10_61_21_61_formatted.csv  n=1 (item-locked)  converged=0/100  mk=NA  moves=NA
Warning: reached iteration limit without completing all items. Check for potential issues.
Warning: reached iteration limit without completing all items. Check for potential issues.
Warning: reached iteration limit without completing all items. Check for potential issues.
Warning: reached iteration limit without completing all items. Check for potential issues.
Warning: reached iteration limit without completing all items. Check for potential issues.
Warning: reached iteration limit without completing all items. Check for potential issues.
Warning: reached iteration limit without completing all items. Check for potential issues.
Warning: reached iteration limit without completing all items. Check for potential issues.
Warning: reached iteration limit without completing all items. Check for potential issues.
Warning: reached iteration limit without completing all items. Check for potential issues.
Warning: reached iteration limit without completing all items. Check for potential issues.
Warning: reached iteration limit without completing all items. Check for potential issues.
Warning: reached iteration limit without completing all items. Check for potential issues.
Warning: reached iteration limit without completing all items. Check for potential issues.
Warning: reached iteration limit without completing all items. Check for potential issues.
Warning: reached iteration limit without completing all items. Check for potential issues.
Warning: reached iteration limit without completing all items. Check for potential issues.
Warning: reached iteration limit without completing all items. Check for potential issues.
Warning: reached iteration limit without completing all items. Check for potential issues.
Warning: reached iteration limit without completing all items. Check for potential issues.
Warning: reached iteration limit without completing all items. Check for potential issues.
Warning: reached iteration limit without completing all items. Check for potential issues.
Warning: reached iteration limit without completing all items. Check for potential issues.
Warning: reached iteration limit without completing all items. Check for potential issues.
Warning: reached iteration limit without completing all items. Check for potential issues.
Warning: reached iteration limit without completing all items. Check for potential issues.
Warning: reached iteration limit without completing all items. Check for potential issues.
Warning: reached iteration limit without completing all items. Check for potential issues.
Warning: reached iteration limit without completing all items. Check for potential issues.
Warning: reached iteration limit without completing all items. Check for potential issues.
Warning: reached iteration limit without completing all items. Check for potential issues.
Warning: reached iteration limit without completing all items. Check for potential issues.
Warning: reached iteration limit without completing all items. Check for potential issues.
Warning: reached iteration limit without completing all items. Check for potential issues.
Warning: reached iteration limit without completing all items. Check for potential issues.
Warning: reached iteration limit without completing all items. Check for potential issues.
Warning: reached iteration limit without completing all items. Check for potential issues.
Warning: reached iteration limit without completing all items. Check for potential issues.
Warning: reached iteration limit without completing all items. Check for potential issues.
Warning: reached iteration limit without completing all items. Check for potential issues.
Warning: reached iteration limit without completing all items. Check for potential issues.
Warning: reached iteration limit without completing all items. Check for potential issues.
Warning: reached iteration limit without completing all items. Check for potential issues.
Warning: reached iteration limit without completing all items. Check for potential issues.
Warning: reached iteration limit without completing all items. Check for potential issues.
Warning: reached iteration limit without completing all items. Check for potential issues.
Warning: reached iteration limit without completing all items. Check for potential issues.
Warning: reached iteration limit without completing all items. Check for potential issues.
Warning: reached iteration limit without completing all items. Check for potential issues.
Warning: reached iteration limit without completing all items. Check for potential issues.
Warning: reached iteration limit without completing all items. Check for potential issues.
Warning: reached iteration limit without completing all items. Check for potential issues.
Warning: reached iteration limit without completing all items. Check for potential issues.
Warning: reached iteration limit without completing all items. Check for potential issues.
Warning: reached iteration limit without completing all items. Check for potential issues.
Warning: reached iteration limit without completing all items. Check for potential issues.
Warning: reached iteration limit without completing all items. Check for potential issues.
Warning: reached iteration limit without completing all items. Check for potential issues.
Warning: reached iteration limit without completing all items. Check for potential issues.
Warning: reached iteration limit without completing all items. Check for potential issues.
Warning: reached iteration limit without completing all items. Check for potential issues.
Warning: reached iteration limit without completing all items. Check for potential issues.
Warning: reached iteration limit without completing all items. Check for potential issues.
Warning: reached iteration limit without completing all items. Check for potential issues.
Warning: reached iteration limit without completing all items. Check for potential issues.
Warning: reached iteration limit without completing all items. Check for potential issues.
Warning: reached iteration limit without completing all items. Check for potential issues.
Warning: reached iteration limit without completing all items. Check for potential issues.
Warning: reached iteration limit without completing all items. Check for potential issues.
Warning: reached iteration limit without completing all items. Check for potential issues.
Warning: reached iteration limit without completing all items. Check for potential issues.
Warning: reached iteration limit without completing all items. Check for potential issues.
Warning: reached iteration limit without completing all items. Check for potential issues.
Warning: reached iteration limit without completing all items. Check for potential issues.
Warning: reached iteration limit without completing all items. Check for potential issues.
Warning: reached iteration limit without completing all items. Check for potential issues.
Warning: reached iteration limit without completing all items. Check for potential issues.
Warning: reached iteration limit without completing all items. Check for potential issues.
Warning: reached iteration limit without completing all items. Check for potential issues.
Warning: reached iteration limit without completing all items. Check for potential issues.
Warning: reached iteration limit without completing all items. Check for potential issues.
Warning: reached iteration limit without completing all items. Check for potential issues.
Warning: reached iteration limit without completing all items. Check for potential issues.
Warning: reached iteration limit without completing all items. Check for potential issues.
Warning: reached iteration limit without completing all items. Check for potential issues.
Warning: reached iteration limit without completing all items. Check for potential issues.
Warning: reached iteration limit without completing all items. Check for potential issues.
Warning: reached iteration limit without completing all items. Check for potential issues.
Warning: reached iteration limit without completing all items. Check for potential issues.
Warning: reached iteration limit without completing all items. Check for potential issues.
Warning: reached iteration limit without completing all items. Check for potential issues.
Warning: reached iteration limit without completing all items. Check for potential issues.
Warning: reached iteration limit without completing all items. Check for potential issues.
Warning: reached iteration limit without completing all items. Check for potential issues.
Warning: reached iteration limit without completing all items. Check for potential issues.
Warning: reached iteration limit without completing all items. Check for potential issues.
Warning: reached iteration limit without completing all items. Check for potential issues.
Warning: reached iteration limit without completing all items. Check for potential issues.
Warning: reached iteration limit without completing all items. Check for potential issues.
Warning: reached iteration limit without completing all items. Check for potential issues.
>>> Large_scale_RL_10_61_21_61_formatted.csv  n=2 (item-locked)  converged=0/100  mk=NA  moves=NA
Warning: reached iteration limit without completing all items. Check for potential issues.
Warning: reached iteration limit without completing all items. Check for potential issues.
Warning: reached iteration limit without completing all items. Check for potential issues.
Warning: reached iteration limit without completing all items. Check for potential issues.
Warning: reached iteration limit without completing all items. Check for potential issues.
Warning: reached iteration limit without completing all items. Check for potential issues.
Warning: reached iteration limit without completing all items. Check for potential issues.
Warning: reached iteration limit without completing all items. Check for potential issues.
Warning: reached iteration limit without completing all items. Check for potential issues.
Warning: reached iteration limit without completing all items. Check for potential issues.
Warning: reached iteration limit without completing all items. Check for potential issues.
Warning: reached iteration limit without completing all items. Check for potential issues.
Warning: reached iteration limit without completing all items. Check for potential issues.
Warning: reached iteration limit without completing all items. Check for potential issues.
Warning: reached iteration limit without completing all items. Check for potential issues.
Warning: reached iteration limit without completing all items. Check for potential issues.
Warning: reached iteration limit without completing all items. Check for potential issues.
Warning: reached iteration limit without completing all items. Check for potential issues.
Warning: reached iteration limit without completing all items. Check for potential issues.
Warning: reached iteration limit without completing all items. Check for potential issues.
Warning: reached iteration limit without completing all items. Check for potential issues.
Warning: reached iteration limit without completing all items. Check for potential issues.
Warning: reached iteration limit without completing all items. Check for potential issues.
Warning: reached iteration limit without completing all items. Check for potential issues.
Warning: reached iteration limit without completing all items. Check for potential issues.
Warning: reached iteration limit without completing all items. Check for potential issues.
Warning: reached iteration limit without completing all items. Check for potential issues.
Warning: reached iteration limit without completing all items. Check for potential issues.
Warning: reached iteration limit without completing all items. Check for potential issues.
Warning: reached iteration limit without completing all items. Check for potential issues.
Warning: reached iteration limit without completing all items. Check for potential issues.
Warning: reached iteration limit without completing all items. Check for potential issues.
Warning: reached iteration limit without completing all items. Check for potential issues.
Warning: reached iteration limit without completing all items. Check for potential issues.
Warning: reached iteration limit without completing all items. Check for potential issues.
Warning: reached iteration limit without completing all items. Check for potential issues.
Warning: reached iteration limit without completing all items. Check for potential issues.
Warning: reached iteration limit without completing all items. Check for potential issues.
Warning: reached iteration limit without completing all items. Check for potential issues.
Warning: reached iteration limit without completing all items. Check for potential issues.
Warning: reached iteration limit without completing all items. Check for potential issues.
Warning: reached iteration limit without completing all items. Check for potential issues.
Warning: reached iteration limit without completing all items. Check for potential issues.
Warning: reached iteration limit without completing all items. Check for potential issues.
Warning: reached iteration limit without completing all items. Check for potential issues.
Warning: reached iteration limit without completing all items. Check for potential issues.
Warning: reached iteration limit without completing all items. Check for potential issues.
Warning: reached iteration limit without completing all items. Check for potential issues.
Warning: reached iteration limit without completing all items. Check for potential issues.
Warning: reached iteration limit without completing all items. Check for potential issues.
Warning: reached iteration limit without completing all items. Check for potential issues.
Warning: reached iteration limit without completing all items. Check for potential issues.
Warning: reached iteration limit without completing all items. Check for potential issues.
Warning: reached iteration limit without completing all items. Check for potential issues.
Warning: reached iteration limit without completing all items. Check for potential issues.
Warning: reached iteration limit without completing all items. Check for potential issues.
Warning: reached iteration limit without completing all items. Check for potential issues.
Warning: reached iteration limit without completing all items. Check for potential issues.
Warning: reached iteration limit without completing all items. Check for potential issues.
Warning: reached iteration limit without completing all items. Check for potential issues.
Warning: reached iteration limit without completing all items. Check for potential issues.
Warning: reached iteration limit without completing all items. Check for potential issues.
Warning: reached iteration limit without completing all items. Check for potential issues.
Warning: reached iteration limit without completing all items. Check for potential issues.
Warning: reached iteration limit without completing all items. Check for potential issues.
Warning: reached iteration limit without completing all items. Check for potential issues.
Warning: reached iteration limit without completing all items. Check for potential issues.
Warning: reached iteration limit without completing all items. Check for potential issues.
Warning: reached iteration limit without completing all items. Check for potential issues.
Warning: reached iteration limit without completing all items. Check for potential issues.
Warning: reached iteration limit without completing all items. Check for potential issues.
Warning: reached iteration limit without completing all items. Check for potential issues.
Warning: reached iteration limit without completing all items. Check for potential issues.
Warning: reached iteration limit without completing all items. Check for potential issues.
Warning: reached iteration limit without completing all items. Check for potential issues.
Warning: reached iteration limit without completing all items. Check for potential issues.
Warning: reached iteration limit without completing all items. Check for potential issues.
Warning: reached iteration limit without completing all items. Check for potential issues.
Warning: reached iteration limit without completing all items. Check for potential issues.
Warning: reached iteration limit without completing all items. Check for potential issues.
Warning: reached iteration limit without completing all items. Check for potential issues.
Warning: reached iteration limit without completing all items. Check for potential issues.
Warning: reached iteration limit without completing all items. Check for potential issues.
Warning: reached iteration limit without completing all items. Check for potential issues.
Warning: reached iteration limit without completing all items. Check for potential issues.
Warning: reached iteration limit without completing all items. Check for potential issues.
Warning: reached iteration limit without completing all items. Check for potential issues.
Warning: reached iteration limit without completing all items. Check for potential issues.
Warning: reached iteration limit without completing all items. Check for potential issues.
Warning: reached iteration limit without completing all items. Check for potential issues.
Warning: reached iteration limit without completing all items. Check for potential issues.
Warning: reached iteration limit without completing all items. Check for potential issues.
Warning: reached iteration limit without completing all items. Check for potential issues.
Warning: reached iteration limit without completing all items. Check for potential issues.
Warning: reached iteration limit without completing all items. Check for potential issues.
Warning: reached iteration limit without completing all items. Check for potential issues.
Warning: reached iteration limit without completing all items. Check for potential issues.
Warning: reached iteration limit without completing all items. Check for potential issues.
Warning: reached iteration limit without completing all items. Check for potential issues.
Warning: reached iteration limit without completing all items. Check for potential issues.
>>> Large_scale_RL_10_61_21_61_formatted.csv  n=3 (item-locked)  converged=0/100  mk=NA  moves=NA
Warning: reached iteration limit without completing all items. Check for potential issues.
Warning: reached iteration limit without completing all items. Check for potential issues.
Warning: reached iteration limit without completing all items. Check for potential issues.
Warning: reached iteration limit without completing all items. Check for potential issues.
Warning: reached iteration limit without completing all items. Check for potential issues.
Warning: reached iteration limit without completing all items. Check for potential issues.
Warning: reached iteration limit without completing all items. Check for potential issues.
Warning: reached iteration limit without completing all items. Check for potential issues.
Warning: reached iteration limit without completing all items. Check for potential issues.
Warning: reached iteration limit without completing all items. Check for potential issues.
Warning: reached iteration limit without completing all items. Check for potential issues.
Warning: reached iteration limit without completing all items. Check for potential issues.
Warning: reached iteration limit without completing all items. Check for potential issues.
Warning: reached iteration limit without completing all items. Check for potential issues.
Warning: reached iteration limit without completing all items. Check for potential issues.
Warning: reached iteration limit without completing all items. Check for potential issues.
Warning: reached iteration limit without completing all items. Check for potential issues.
Warning: reached iteration limit without completing all items. Check for potential issues.
Warning: reached iteration limit without completing all items. Check for potential issues.
Warning: reached iteration limit without completing all items. Check for potential issues.
Warning: reached iteration limit without completing all items. Check for potential issues.
Warning: reached iteration limit without completing all items. Check for potential issues.
Warning: reached iteration limit without completing all items. Check for potential issues.
Warning: reached iteration limit without completing all items. Check for potential issues.
Warning: reached iteration limit without completing all items. Check for potential issues.
Warning: reached iteration limit without completing all items. Check for potential issues.
Warning: reached iteration limit without completing all items. Check for potential issues.
Warning: reached iteration limit without completing all items. Check for potential issues.
Warning: reached iteration limit without completing all items. Check for potential issues.
Warning: reached iteration limit without completing all items. Check for potential issues.
Warning: reached iteration limit without completing all items. Check for potential issues.
Warning: reached iteration limit without completing all items. Check for potential issues.
Warning: reached iteration limit without completing all items. Check for potential issues.
Warning: reached iteration limit without completing all items. Check for potential issues.
Warning: reached iteration limit without completing all items. Check for potential issues.
Warning: reached iteration limit without completing all items. Check for potential issues.
Warning: reached iteration limit without completing all items. Check for potential issues.
Warning: reached iteration limit without completing all items. Check for potential issues.
Warning: reached iteration limit without completing all items. Check for potential issues.
Warning: reached iteration limit without completing all items. Check for potential issues.
Warning: reached iteration limit without completing all items. Check for potential issues.
Warning: reached iteration limit without completing all items. Check for potential issues.
Warning: reached iteration limit without completing all items. Check for potential issues.
Warning: reached iteration limit without completing all items. Check for potential issues.
Warning: reached iteration limit without completing all items. Check for potential issues.
Warning: reached iteration limit without completing all items. Check for potential issues.
Warning: reached iteration limit without completing all items. Check for potential issues.
Warning: reached iteration limit without completing all items. Check for potential issues.
Warning: reached iteration limit without completing all items. Check for potential issues.
Warning: reached iteration limit without completing all items. Check for potential issues.
Warning: reached iteration limit without completing all items. Check for potential issues.
Warning: reached iteration limit without completing all items. Check for potential issues.
Warning: reached iteration limit without completing all items. Check for potential issues.
Warning: reached iteration limit without completing all items. Check for potential issues.
Warning: reached iteration limit without completing all items. Check for potential issues.
Warning: reached iteration limit without completing all items. Check for potential issues.
Warning: reached iteration limit without completing all items. Check for potential issues.
Warning: reached iteration limit without completing all items. Check for potential issues.
Warning: reached iteration limit without completing all items. Check for potential issues.
Warning: reached iteration limit without completing all items. Check for potential issues.
Warning: reached iteration limit without completing all items. Check for potential issues.
Warning: reached iteration limit without completing all items. Check for potential issues.
Warning: reached iteration limit without completing all items. Check for potential issues.
Warning: reached iteration limit without completing all items. Check for potential issues.
Warning: reached iteration limit without completing all items. Check for potential issues.
Warning: reached iteration limit without completing all items. Check for potential issues.
Warning: reached iteration limit without completing all items. Check for potential issues.
Warning: reached iteration limit without completing all items. Check for potential issues.
Warning: reached iteration limit without completing all items. Check for potential issues.
Warning: reached iteration limit without completing all items. Check for potential issues.
Warning: reached iteration limit without completing all items. Check for potential issues.
Warning: reached iteration limit without completing all items. Check for potential issues.
Warning: reached iteration limit without completing all items. Check for potential issues.
Warning: reached iteration limit without completing all items. Check for potential issues.
Warning: reached iteration limit without completing all items. Check for potential issues.
Warning: reached iteration limit without completing all items. Check for potential issues.
Warning: reached iteration limit without completing all items. Check for potential issues.
Warning: reached iteration limit without completing all items. Check for potential issues.
Warning: reached iteration limit without completing all items. Check for potential issues.
Warning: reached iteration limit without completing all items. Check for potential issues.
Warning: reached iteration limit without completing all items. Check for potential issues.
Warning: reached iteration limit without completing all items. Check for potential issues.
Warning: reached iteration limit without completing all items. Check for potential issues.
Warning: reached iteration limit without completing all items. Check for potential issues.
Warning: reached iteration limit without completing all items. Check for potential issues.
Warning: reached iteration limit without completing all items. Check for potential issues.
Warning: reached iteration limit without completing all items. Check for potential issues.
Warning: reached iteration limit without completing all items. Check for potential issues.
Warning: reached iteration limit without completing all items. Check for potential issues.
Warning: reached iteration limit without completing all items. Check for potential issues.
Warning: reached iteration limit without completing all items. Check for potential issues.
Warning: reached iteration limit without completing all items. Check for potential issues.
Warning: reached iteration limit without completing all items. Check for potential issues.
Warning: reached iteration limit without completing all items. Check for potential issues.
Warning: reached iteration limit without completing all items. Check for potential issues.
Warning: reached iteration limit without completing all items. Check for potential issues.
Warning: reached iteration limit without completing all items. Check for potential issues.
Warning: reached iteration limit without completing all items. Check for potential issues.
Warning: reached iteration limit without completing all items. Check for potential issues.
Warning: reached iteration limit without completing all items. Check for potential issues.
>>> Large_scale_RL_10_61_21_61_formatted.csv  n=4 (item-locked)  converged=0/100  mk=NA  moves=NA

Done. Wrote nearest_n_locked_summary.csv
